C:/Users/ronni/Desktop/RealTimeGraphics-master/ACW Project Framework/Camera.cpp
C:/Users/ronni/Desktop/RealTimeGraphics-master/ACW Project Framework/ConfigurationFileLoader.cpp
C:/Users/ronni/Desktop/RealTimeGraphics-master/ACW Project Framework/D3DContainer.cpp
C:/Users/ronni/Desktop/RealTimeGraphics-master/ACW Project Framework/GraphicsRenderer.cpp
C:/Users/ronni/Desktop/RealTimeGraphics-master/ACW Project Framework/RenderToTexture.cpp
C:/Users/ronni/Desktop/RealTimeGraphics-master/ACW Project Framework/System.cpp
C:/Users/ronni/Desktop/RealTimeGraphics-master/ACW Project Framework/WinMain.cpp
C:/Users/ronni/Desktop/RealTimeGraphics-master/ACW Project Framework/ColourShader.cpp
C:/Users/ronni/Desktop/RealTimeGraphics-master/ACW Project Framework/DepthShader.cpp
C:/Users/ronni/Desktop/RealTimeGraphics-master/ACW Project Framework/LightShader.cpp
C:/Users/ronni/Desktop/RealTimeGraphics-master/ACW Project Framework/ParticleShader.cpp
C:/Users/ronni/Desktop/RealTimeGraphics-master/ACW Project Framework/ReflectionShader.cpp
C:/Users/ronni/Desktop/RealTimeGraphics-master/ACW Project Framework/TextureCubeShader.cpp
C:/Users/ronni/Desktop/RealTimeGraphics-master/ACW Project Framework/TextureDisplacement.cpp
C:/Users/ronni/Desktop/RealTimeGraphics-master/ACW Project Framework/TextureNormalMappingShader.cpp
C:/Users/ronni/Desktop/RealTimeGraphics-master/ACW Project Framework/TextureNormalSpecularShader.cpp
C:/Users/ronni/Desktop/RealTimeGraphics-master/ACW Project Framework/Texture2DShader.cpp
C:/Users/ronni/Desktop/RealTimeGraphics-master/ACW Project Framework/InputManager.cpp
C:/Users/ronni/Desktop/RealTimeGraphics-master/ACW Project Framework/LightManager.cpp
C:/Users/ronni/Desktop/RealTimeGraphics-master/ACW Project Framework/ParticleSystemManager.cpp
C:/Users/ronni/Desktop/RealTimeGraphics-master/ACW Project Framework/ResourceManager.cpp
C:/Users/ronni/Desktop/RealTimeGraphics-master/ACW Project Framework/ShaderManager.cpp
C:/Users/ronni/Desktop/RealTimeGraphics-master/ACW Project Framework/ShadowMapManager.cpp
C:/Users/ronni/Desktop/RealTimeGraphics-master/ACW Project Framework/Model.cpp
C:/Users/ronni/Desktop/RealTimeGraphics-master/ACW Project Framework/ParticleSystem.cpp
C:/Users/ronni/Desktop/RealTimeGraphics-master/ACW Project Framework/Position.cpp
C:/Users/ronni/Desktop/RealTimeGraphics-master/ACW Project Framework/RigidBody.cpp
C:/Users/ronni/Desktop/RealTimeGraphics-master/ACW Project Framework/Rotation.cpp
C:/Users/ronni/Desktop/RealTimeGraphics-master/ACW Project Framework/Scale.cpp
C:/Users/ronni/Desktop/RealTimeGraphics-master/ACW Project Framework/Shader.cpp
C:/Users/ronni/Desktop/RealTimeGraphics-master/ACW Project Framework/Texture.cpp
C:/Users/ronni/Desktop/RealTimeGraphics-master/ACW Project Framework/FireJetParticleSystem.cpp
C:/Users/ronni/Desktop/RealTimeGraphics-master/ACW Project Framework/SmokeParticleSystem.cpp
C:/Users/ronni/Desktop/RealTimeGraphics-master/ACW Project Framework/GameObject.cpp
C:/Users/ronni/Desktop/RealTimeGraphics-master/ACW Project Framework/Rocket.cpp
C:/Users/ronni/Desktop/RealTimeGraphics-master/ACW Project Framework/Terrain.cpp
C:/Users/ronni/Desktop/RealTimeGraphics-master/ACW Project Framework/DirectionalLight.cpp
C:/Users/ronni/Desktop/RealTimeGraphics-master/ACW Project Framework/Light.cpp
C:/Users/ronni/Desktop/RealTimeGraphics-master/ACW Project Framework/PointLight.cpp
C:/Users/ronni/Desktop/RealTimeGraphics-master/ACW Project Framework/Camera.h
C:/Users/ronni/Desktop/RealTimeGraphics-master/ACW Project Framework/ConfigurationFileLoader.h
C:/Users/ronni/Desktop/RealTimeGraphics-master/ACW Project Framework/D3DContainer.h
C:/Users/ronni/Desktop/RealTimeGraphics-master/ACW Project Framework/GraphicsRenderer.h
C:/Users/ronni/Desktop/RealTimeGraphics-master/ACW Project Framework/RenderToTexture.h
C:/Users/ronni/Desktop/RealTimeGraphics-master/ACW Project Framework/System.h
C:/Users/ronni/Desktop/RealTimeGraphics-master/ACW Project Framework/ColourShader.h
C:/Users/ronni/Desktop/RealTimeGraphics-master/ACW Project Framework/DepthShader.h
C:/Users/ronni/Desktop/RealTimeGraphics-master/ACW Project Framework/LightShader.h
C:/Users/ronni/Desktop/RealTimeGraphics-master/ACW Project Framework/ParticleShader.h
C:/Users/ronni/Desktop/RealTimeGraphics-master/ACW Project Framework/ReflectionShader.h
C:/Users/ronni/Desktop/RealTimeGraphics-master/ACW Project Framework/TextureCubeShader.h
C:/Users/ronni/Desktop/RealTimeGraphics-master/ACW Project Framework/TextureDisplacement.h
C:/Users/ronni/Desktop/RealTimeGraphics-master/ACW Project Framework/TextureNormalMappingShader.h
C:/Users/ronni/Desktop/RealTimeGraphics-master/ACW Project Framework/TextureNormalSpecularShader.h
C:/Users/ronni/Desktop/RealTimeGraphics-master/ACW Project Framework/Texture2DShader.h
C:/Users/ronni/Desktop/RealTimeGraphics-master/ACW Project Framework/InputManager.h
C:/Users/ronni/Desktop/RealTimeGraphics-master/ACW Project Framework/LightManager.h
C:/Users/ronni/Desktop/RealTimeGraphics-master/ACW Project Framework/ParticleSystemManager.h
C:/Users/ronni/Desktop/RealTimeGraphics-master/ACW Project Framework/ResourceManager.h
C:/Users/ronni/Desktop/RealTimeGraphics-master/ACW Project Framework/ShaderManager.h
C:/Users/ronni/Desktop/RealTimeGraphics-master/ACW Project Framework/ShadowMapManager.h
C:/Users/ronni/Desktop/RealTimeGraphics-master/ACW Project Framework/Model.h
C:/Users/ronni/Desktop/RealTimeGraphics-master/ACW Project Framework/ParticleSystem.h
C:/Users/ronni/Desktop/RealTimeGraphics-master/ACW Project Framework/Position.h
C:/Users/ronni/Desktop/RealTimeGraphics-master/ACW Project Framework/RigidBody.h
C:/Users/ronni/Desktop/RealTimeGraphics-master/ACW Project Framework/Rotation.h
C:/Users/ronni/Desktop/RealTimeGraphics-master/ACW Project Framework/Scale.h
C:/Users/ronni/Desktop/RealTimeGraphics-master/ACW Project Framework/Shader.h
C:/Users/ronni/Desktop/RealTimeGraphics-master/ACW Project Framework/Texture.h
C:/Users/ronni/Desktop/RealTimeGraphics-master/ACW Project Framework/FireJetParticleSystem.h
C:/Users/ronni/Desktop/RealTimeGraphics-master/ACW Project Framework/SmokeParticleSystem.h
C:/Users/ronni/Desktop/RealTimeGraphics-master/ACW Project Framework/GameObject.h
C:/Users/ronni/Desktop/RealTimeGraphics-master/ACW Project Framework/Rocket.h
C:/Users/ronni/Desktop/RealTimeGraphics-master/ACW Project Framework/Terrain.h
C:/Users/ronni/Desktop/RealTimeGraphics-master/ACW Project Framework/DirectionalLight.h
C:/Users/ronni/Desktop/RealTimeGraphics-master/ACW Project Framework/Light.h
C:/Users/ronni/Desktop/RealTimeGraphics-master/ACW Project Framework/PointLight.h
